// Jest Snapshot v1, https://goo.gl/fbAQLP

exports[`should render correctly 1`] = `
<View
  style={
    {
      "alignContent": "center",
      "alignItems": "center",
      "backgroundColor": "white",
      "borderRadius": 40,
      "elevation": 16,
      "height": 40,
      "justifyContent": "center",
      "position": "absolute",
      "shadowColor": "#000",
      "shadowOffset": {
        "height": 5,
        "width": 0,
      },
      "shadowOpacity": 0.44,
      "shadowRadius": 5,
      "top": 30,
      "width": 40,
      "zIndex": 10,
    }
  }
>
  <Image
    source={1}
    style={
      {
        "height": 25,
        "width": 25,
      }
    }
  />
</View>
`;
